[solidity.readthedocs.io/en/v0.5.8/index.html]
[backblue.gif]
[fade.gif]
[index.html]
[solidity.readthedocs.io/en/v0.5.8/_static/js/modernizr.min.js]
[solidity.readthedocs.io/en/v0.5.8/_static/documentation_options.js]
[solidity.readthedocs.io/en/v0.5.8/_static/jquery.js]
[solidity.readthedocs.io/en/v0.5.8/_static/underscore.js]
[solidity.readthedocs.io/en/v0.5.8/_static/doctools.js]
[solidity.readthedocs.io/en/v0.5.8/_static/language_data.js]
[solidity.readthedocs.io/en/v0.5.8/_static/js/theme.js]
[solidity.readthedocs.io/en/v0.5.8/_static/css/theme.css]
[solidity.readthedocs.io/en/v0.5.8/_static/pygments.css]
[solidity.readthedocs.io/en/v0.5.8/_static/css/custom.css]
[solidity.readthedocs.io/en/v0.5.8/genindex.html]
[solidity.readthedocs.io/en/v0.5.8/search.html]
[solidity.readthedocs.io/en/v0.5.8/introduction-to-smart-contracts.html]
[solidity.readthedocs.io/en/v0.5.8/_static/readthedocs-data.js]
[solidity.readthedocs.io/en/v0.5.8/installing-solidity.html]
[solidity.readthedocs.io/en/v0.5.8/solidity-by-example.html]
[solidity.readthedocs.io/en/v0.5.8/solidity-in-depth.html]
[solidity.readthedocs.io/en/v0.5.8/natspec-format.html]
[solidity.readthedocs.io/en/v0.5.8/security-considerations.html]
[solidity.readthedocs.io/en/v0.5.8/resources.html]
[solidity.readthedocs.io/en/v0.5.8/using-the-compiler.html]
[solidity.readthedocs.io/en/v0.5.8/metadata.html]
[solidity.readthedocs.io/en/v0.5.8/abi-spec.html]
[solidity.readthedocs.io/en/v0.5.8/yul.html]
[solidity.readthedocs.io/en/v0.5.8/style-guide.html]
[solidity.readthedocs.io/en/v0.5.8/common-patterns.html]
[solidity.readthedocs.io/en/v0.5.8/bugs.html]
[solidity.readthedocs.io/en/v0.5.8/contributing.html]
[solidity.readthedocs.io/en/v0.5.8/lll.html]
[solidity.readthedocs.io/en/v0.5.8/_images/logo.svg]
[solidity.readthedocs.io/en/v0.5.8/050-breaking-changes.html]
[solidity.readthedocs.io/en/v0.5.8/layout-of-source-files.html]
[solidity.readthedocs.io/en/v0.5.8/structure-of-a-contract.html]
[solidity.readthedocs.io/en/v0.5.8/types.html]
[solidity.readthedocs.io/en/v0.5.8/units-and-global-variables.html]
[solidity.readthedocs.io/en/v0.5.8/control-structures.html]
[solidity.readthedocs.io/en/v0.5.8/contracts.html]
[solidity.readthedocs.io/en/v0.5.8/assembly.html]
[solidity.readthedocs.io/en/v0.5.8/index.html]
[solidity.readthedocs.io/en/v0.5.8/miscellaneous.html]
[solidity.readthedocs.io/en/v0.5.8/_static/fonts/fontawesome-webfont3e6e.eot]
[solidity.readthedocs.io/en/v0.5.8/_static/fonts/fontawesome-webfontd41d.eot]
[solidity.readthedocs.io/en/v0.5.8/_static/fonts/fontawesome-webfont3e6e.woff2]
[solidity.readthedocs.io/en/v0.5.8/_static/fonts/fontawesome-webfont3e6e.woff]
[solidity.readthedocs.io/en/v0.5.8/_static/fonts/fontawesome-webfont3e6e.ttf]
[solidity.readthedocs.io/en/v0.5.8/_static/fonts/fontawesome-webfont3e6e.svg]
[solidity.readthedocs.io/en/v0.5.8/_static/fonts/Lato/lato-regular.eot]
[solidity.readthedocs.io/en/v0.5.8/_static/fonts/Lato/lato-regulard41d.eot]
[solidity.readthedocs.io/en/v0.5.8/_static/fonts/Lato/lato-regular.woff2]
[solidity.readthedocs.io/en/v0.5.8/_static/fonts/Lato/lato-regular.woff]
[solidity.readthedocs.io/en/v0.5.8/_static/fonts/Lato/lato-regular.ttf]
[solidity.readthedocs.io/en/v0.5.8/_static/fonts/Lato/lato-bold.eot]
[solidity.readthedocs.io/en/v0.5.8/_static/fonts/Lato/lato-boldd41d.eot]
[solidity.readthedocs.io/en/v0.5.8/_static/fonts/Lato/lato-bold.woff2]
[solidity.readthedocs.io/en/v0.5.8/_static/fonts/Lato/lato-bold.woff]
[solidity.readthedocs.io/en/v0.5.8/_static/fonts/Lato/lato-bold.ttf]
[solidity.readthedocs.io/en/v0.5.8/_static/fonts/Lato/lato-bolditalic.eot]
[solidity.readthedocs.io/en/v0.5.8/_static/fonts/Lato/lato-bolditalicd41d.eot]
[solidity.readthedocs.io/en/v0.5.8/_static/fonts/Lato/lato-bolditalic.woff2]
[solidity.readthedocs.io/en/v0.5.8/_static/fonts/Lato/lato-bolditalic.woff]
[solidity.readthedocs.io/en/v0.5.8/_static/fonts/Lato/lato-bolditalic.ttf]
[solidity.readthedocs.io/en/v0.5.8/_static/fonts/Lato/lato-italic.eot]
[solidity.readthedocs.io/en/v0.5.8/_static/fonts/Lato/lato-italic.woff2]
[solidity.readthedocs.io/en/v0.5.8/_static/fonts/Lato/lato-italicd41d.eot]
[solidity.readthedocs.io/en/v0.5.8/_static/fonts/Lato/lato-italic.woff]
[solidity.readthedocs.io/en/v0.5.8/_static/fonts/Lato/lato-italic.ttf]
[solidity.readthedocs.io/en/v0.5.8/_static/fonts/RobotoSlab/roboto-slab.41.delayed]
[solidity.readthedocs.io/en/v0.5.8/_static/fonts/RobotoSlab/roboto-slab-v7-regulard41d.eot]
[solidity.readthedocs.io/en/v0.5.8/_static/fonts/RobotoSlab/roboto-slab-v7-regular.woff2]
[solidity.readthedocs.io/en/v0.5.8/_static/fonts/RobotoSlab/roboto-slab-v7-regular.woff]
[solidity.readthedocs.io/en/v0.5.8/_static/fonts/RobotoSlab/roboto-slab-v7-regular.ttf]
[solidity.readthedocs.io/en/v0.5.8/_static/fonts/RobotoSlab/roboto-slab-v7-bold.eot]
[solidity.readthedocs.io/en/v0.5.8/_static/fonts/RobotoSlab/roboto-slab-v7-boldd41d.eot]
[solidity.readthedocs.io/en/v0.5.8/_static/fonts/RobotoSlab/roboto-slab-v7-bold.woff2]
[solidity.readthedocs.io/en/v0.5.8/_static/fonts/RobotoSlab/roboto-slab-v7-bold.woff]
[solidity.readthedocs.io/en/v0.5.8/_static/css/theme.css]
[solidity.readthedocs.io/en/v0.5.8/_static/pygments.css]
[solidity.readthedocs.io/en/v0.5.8/_static/css/custom.css]
[solidity.readthedocs.io/en/v0.5.8/_static/fonts/RobotoSlab/roboto-slab-v7-bold.ttf]
[solidity.readthedocs.io/en/v0.5.8/genindex.html]
[solidity.readthedocs.io/en/v0.5.8/index-2.html]
[solidity.readthedocs.io/en/v0.5.8/_static/searchtools.js]
[solidity.readthedocs.io/en/v0.5.8/search.html]
[solidity.readthedocs.io/en/v0.5.8/introduction-to-smart-contracts.html]
[solidity.readthedocs.io/en/v0.5.8/installing-solidity.html]
[solidity.readthedocs.io/en/v0.5.8/searchindex.js]
[solidity.readthedocs.io/en/v0.5.8/mathematical-and-cryptographic-functions.4e.delayed]
[solidity.readthedocs.io/en/v0.5.8/assembly.4f.delayed]
[solidity.readthedocs.io/en/v0.5.8/solidity-by-example.html]
[solidity.readthedocs.io/en/v0.5.8/solidity-in-depth.html]
[solidity.readthedocs.io/en/v0.5.8/Ethereum-Contract-ABI.50.delayed]
[solidity.readthedocs.io/en/v0.5.8/natspec-format.html]
[solidity.readthedocs.io/en/v0.5.8/security-considerations.html]
[solidity.readthedocs.io/en/v0.5.8/resources.html]
[solidity.readthedocs.io/en/v0.5.8/using-the-compiler.html]
[solidity.readthedocs.io/en/v0.5.8/metadata.html]
[solidity.readthedocs.io/en/v0.5.8/abi-spec.html]
[solidity.readthedocs.io/en/v0.5.8/yul.html]
[solidity.readthedocs.io/en/v0.5.8/simple-smart-contract.51.delayed]
[solidity.readthedocs.io/en/v0.5.8/natspec.52.delayed]
[solidity.readthedocs.io/en/v0.5.8/style-guide.html]
[solidity.readthedocs.io/en/v0.5.8/common-patterns.html]
[solidity.readthedocs.io/en/v0.5.8/bugs.html]
[solidity.readthedocs.io/en/v0.5.8/contributing.html]
[solidity.readthedocs.io/en/v0.5.8/lll.html]
[solidity.readthedocs.io/en/v0.5.8/_images/logo.svg]
[solidity.readthedocs.io/en/v0.5.8/050-breaking-changes.html]
[solidity.readthedocs.io/en/v0.5.8/layout-of-source-files.html]
[solidity.readthedocs.io/en/v0.5.8/structure-of-a-contract.html]
[solidity.readthedocs.io/en/v0.5.8/types.html]
[solidity.readthedocs.io/en/v0.5.8/units-and-global-variables.html]
[solidity.readthedocs.io/en/v0.5.8/control-structures.html]
[solidity.readthedocs.io/en/v0.5.8/contracts.html]
[solidity.readthedocs.io/en/v0.5.8/assembly.html]
[solidity.readthedocs.io/en/v0.5.8/miscellaneous.html]
[solidity.readthedocs.io/en/v0.5.8/_static/fonts/fontawesome-webfont3e6e.svg]
[solidity.readthedocs.io/en/v0.5.8/_static/fonts/RobotoSlab/roboto-slab.html]
[solidity.readthedocs.io/en/v0.5.8/index-2.html]
[solidity.readthedocs.io/en/v0.5.8/mathematical-and-cryptographic-functions.html]
[solidity.readthedocs.io/en/v0.5.8/assembly-2.html]
[solidity.readthedocs.io/en/v0.5.8/Ethereum-Contract-ABI.html]
[solidity.readthedocs.io/en/v0.5.8/simple-smart-contract.html]
[solidity.readthedocs.io/en/v0.5.8/natspec.html]
